┏━━━━━━━━━━━━━━━━━━━━━━┳━━━━━━━━━━┳━━━━━━━━━━┳━━━━━━━━━━┳━━━━━━━━━━┳━━━━━━━━━━━┳━━━━━━━━━━┳━━━━━━━━━━━┳━━━━━━━━━━┳━━━━━━━━━━━┳━━━━━━━━━━┳━━━━━━━━━━━┳━━━━━━━━━━┓
┃                      ┃ Hold     ┃ Reg to   ┃          ┃          ┃ of which  ┃ Setup    ┃           ┃          ┃           ┃ of which ┃           ┃          ┃
┃                      ┃ Worst    ┃ Reg      ┃          ┃ Hold Vio ┃ reg to    ┃ Worst    ┃ Reg to    ┃ Setup    ┃ Setup Vio ┃ reg to   ┃ Max Cap   ┃ Max Slew ┃
┃ Corner/Group         ┃ Slack    ┃ Paths    ┃ Hold TNS ┃ Count    ┃ reg       ┃ Slack    ┃ Reg Paths ┃ TNS      ┃ Count     ┃ reg      ┃ Violatio… ┃ Violati… ┃
┡━━━━━━━━━━━━━━━━━━━━━━╇━━━━━━━━━━╇━━━━━━━━━━╇━━━━━━━━━━╇━━━━━━━━━━╇━━━━━━━━━━━╇━━━━━━━━━━╇━━━━━━━━━━━╇━━━━━━━━━━╇━━━━━━━━━━━╇━━━━━━━━━━╇━━━━━━━━━━━╇━━━━━━━━━━┩
│ Overall              │ 0.1038   │ 0.1038   │ 0.0000   │ 0        │ 0         │ 0.7134   │ 1.1834    │ 0.0000   │ 0         │ 0        │ 2         │ 165      │
│ nom_tt_025C_1v80     │ 0.3224   │ 0.3224   │ 0.0000   │ 0        │ 0         │ 12.4392  │ 28.4984   │ 0.0000   │ 0         │ 0        │ 1         │ 0        │
│ nom_ss_100C_1v60     │ 0.8695   │ 0.8695   │ 0.0000   │ 0        │ 0         │ 1.2624   │ 1.9998    │ 0.0000   │ 0         │ 0        │ 1         │ 110      │
│ nom_ff_n40C_1v95     │ 0.1060   │ 0.1060   │ 0.0000   │ 0        │ 0         │ 16.5222  │ 28.9233   │ 0.0000   │ 0         │ 0        │ 1         │ 0        │
│ min_tt_025C_1v80     │ 0.3182   │ 0.3182   │ 0.0000   │ 0        │ 0         │ 12.7538  │ 28.5314   │ 0.0000   │ 0         │ 0        │ 1         │ 0        │
│ min_ss_100C_1v60     │ 0.8540   │ 0.8540   │ 0.0000   │ 0        │ 0         │ 1.7940   │ 2.8799    │ 0.0000   │ 0         │ 0        │ 1         │ 60       │
│ min_ff_n40C_1v95     │ 0.1038   │ 0.1038   │ 0.0000   │ 0        │ 0         │ 16.6397  │ 28.9449   │ 0.0000   │ 0         │ 0        │ 1         │ 0        │
│ max_tt_025C_1v80     │ 0.3274   │ 0.3274   │ 0.0000   │ 0        │ 0         │ 12.1060  │ 28.4672   │ 0.0000   │ 0         │ 0        │ 2         │ 7        │
│ max_ss_100C_1v60     │ 0.8843   │ 0.8843   │ 0.0000   │ 0        │ 0         │ 0.7134   │ 1.1834    │ 0.0000   │ 0         │ 0        │ 2         │ 165      │
│ max_ff_n40C_1v95     │ 0.1109   │ 0.1109   │ 0.0000   │ 0        │ 0         │ 16.2913  │ 28.9030   │ 0.0000   │ 0         │ 0        │ 2         │ 0        │
└──────────────────────┴──────────┴──────────┴──────────┴──────────┴───────────┴──────────┴───────────┴──────────┴───────────┴──────────┴───────────┴──────────┘
