┏━━━━━━━━━━━━━━━━━━━━━━┳━━━━━━━━━━┳━━━━━━━━━━┳━━━━━━━━━━┳━━━━━━━━━━┳━━━━━━━━━━━┳━━━━━━━━━━┳━━━━━━━━━━━┳━━━━━━━━━━┳━━━━━━━━━━━┳━━━━━━━━━━┳━━━━━━━━━━━┳━━━━━━━━━━┓
┃                      ┃ Hold     ┃ Reg to   ┃          ┃          ┃ of which  ┃ Setup    ┃           ┃          ┃           ┃ of which ┃           ┃          ┃
┃                      ┃ Worst    ┃ Reg      ┃          ┃ Hold Vio ┃ reg to    ┃ Worst    ┃ Reg to    ┃ Setup    ┃ Setup Vio ┃ reg to   ┃ Max Cap   ┃ Max Slew ┃
┃ Corner/Group         ┃ Slack    ┃ Paths    ┃ Hold TNS ┃ Count    ┃ reg       ┃ Slack    ┃ Reg Paths ┃ TNS      ┃ Count     ┃ reg      ┃ Violatio… ┃ Violati… ┃
┡━━━━━━━━━━━━━━━━━━━━━━╇━━━━━━━━━━╇━━━━━━━━━━╇━━━━━━━━━━╇━━━━━━━━━━╇━━━━━━━━━━━╇━━━━━━━━━━╇━━━━━━━━━━━╇━━━━━━━━━━╇━━━━━━━━━━━╇━━━━━━━━━━╇━━━━━━━━━━━╇━━━━━━━━━━┩
│ Overall              │ 0.0339   │ 0.0339   │ 0.0000   │ 0        │ 0         │ 4.8861   │ 4.8861    │ 0.0000   │ 0         │ 0        │ 0         │ 46       │
│ nom_tt_025C_1v80     │ 0.2028   │ 0.2028   │ 0.0000   │ 0        │ 0         │ 11.8308  │ 23.5304   │ 0.0000   │ 0         │ 0        │ 0         │ 0        │
│ nom_ss_100C_1v60     │ 0.6441   │ 0.6441   │ 0.0000   │ 0        │ 0         │ 5.4642   │ 5.4642    │ 0.0000   │ 0         │ 0        │ 0         │ 26       │
│ nom_ff_n40C_1v95     │ 0.0340   │ 0.0340   │ 0.0000   │ 0        │ 0         │ 12.8812  │ 23.9507   │ 0.0000   │ 0         │ 0        │ 0         │ 0        │
│ min_tt_025C_1v80     │ 0.2027   │ 0.2027   │ 0.0000   │ 0        │ 0         │ 11.9302  │ 23.5510   │ 0.0000   │ 0         │ 0        │ 0         │ 0        │
│ min_ss_100C_1v60     │ 0.6440   │ 0.6440   │ 0.0000   │ 0        │ 0         │ 6.0583   │ 6.0583    │ 0.0000   │ 0         │ 0        │ 0         │ 13       │
│ min_ff_n40C_1v95     │ 0.0339   │ 0.0339   │ 0.0000   │ 0        │ 0         │ 12.9483  │ 23.9658   │ 0.0000   │ 0         │ 0        │ 0         │ 0        │
│ max_tt_025C_1v80     │ 0.2028   │ 0.2028   │ 0.0000   │ 0        │ 0         │ 11.7357  │ 23.5018   │ 0.0000   │ 0         │ 0        │ 0         │ 0        │
│ max_ss_100C_1v60     │ 0.6441   │ 0.6441   │ 0.0000   │ 0        │ 0         │ 4.8861   │ 4.8861    │ 0.0000   │ 0         │ 0        │ 0         │ 46       │
│ max_ff_n40C_1v95     │ 0.0341   │ 0.0341   │ 0.0000   │ 0        │ 0         │ 12.8177  │ 23.9255   │ 0.0000   │ 0         │ 0        │ 0         │ 0        │
└──────────────────────┴──────────┴──────────┴──────────┴──────────┴───────────┴──────────┴───────────┴──────────┴───────────┴──────────┴───────────┴──────────┘
