#-----------------------------------------------------------
# Vivado v2025.2 (64-bit)
# SW Build 6299465 on Fri Nov 14 19:35:11 GMT 2025
# IP Build 6300035 on Fri Nov 14 10:48:45 MST 2025
# SharedData Build 6298862 on Thu Nov 13 04:50:51 MST 2025
# Start of session at: Wed Jan 28 10:51:13 2026
# Process ID         : 29712
# Current directory  : C:/FPGA/RV32I-Processor/RV32I-based-Soft-Core-Processor/vivado/RV32I/RV32I.runs/impl_2
# Command line       : vivado.exe -log rv32i_top_Soc.vdi -applog -product Vivado -messageDb vivado.pb -mode batch -source rv32i_top_Soc.tcl -notrace
# Log file           : C:/FPGA/RV32I-Processor/RV32I-based-Soft-Core-Processor/vivado/RV32I/RV32I.runs/impl_2/rv32i_top_Soc.vdi
# Journal file       : C:/FPGA/RV32I-Processor/RV32I-based-Soft-Core-Processor/vivado/RV32I/RV32I.runs/impl_2\vivado.jou
# Running On         : LAPTOP-GM1L3F93
# Platform           : Windows Server 2016 or Windows 10
# Operating System   : 26200
# Processor Detail   : AMD Ryzen AI 7 350 w/ Radeon 860M              
# CPU Frequency      : 1996 MHz
# CPU Physical cores : 8
# CPU Logical cores  : 16
# Host memory        : 33414 MB
# Swap memory        : 2147 MB
# Total Virtual      : 35562 MB
# Available Virtual  : 11411 MB
#-----------------------------------------------------------
source rv32i_top_Soc.tcl -notrace
